Analyzing frontend...                                           

  error - Undefined class 'Rect'. Try changing the name to the name of an existing class, or creating a class with the name 'Rect' - lib\core\services\tflite_service.dart:19:9 - undefined_class
  error - The argument type 'List<List<List<double>>>' can't be assigned to the parameter type 'List<List<double>>'.  - lib\core\services\tflite_service.dart:96:60 - argument_type_not_assignable
  error - Undefined name 'Rect'. Try correcting the name to one that is defined, or defining the name - lib\core\services\tflite_service.dart:153:19 - undefined_identifier
  error - Undefined class 'Rect'. Try changing the name to the name of an existing class, or creating a class with the name 'Rect' - lib\core\services\tflite_service.dart:193:24 - undefined_class
  error - Undefined class 'Rect'. Try changing the name to the name of an existing class, or creating a class with the name 'Rect' - lib\core\services\tflite_service.dart:193:33 - undefined_class
  error - Undefined name 'Rect'. Try correcting the name to one that is defined, or defining the name - lib\core\services\tflite_service.dart:212:23 - undefined_identifier
  error - Undefined name 'Rect'. Try correcting the name to one that is defined, or defining the name - lib\core\services\tflite_service.dart:225:23 - undefined_identifier
  error - The argument type 'CardTheme' can't be assigned to the parameter type 'CardThemeData?'.  - lib\core\theme\app_theme.dart:22:18 - argument_type_not_assignable
   info - 'background' is deprecated and shouldn't be used. Use surface instead. This feature was deprecated after v3.18.0-0.1.pre. Try replacing the use of the deprecated member with the replacement - lib\core\theme\app_theme.dart:57:9 - deprecated_member_use
  error - The argument type 'CardTheme' can't be assigned to the parameter type 'CardThemeData?'.  - lib\core\theme\app_theme.dart:62:18 - argument_type_not_assignable
   info - Parameter 'key' could be a super parameter. Trying converting 'key' to a super parameter - lib\features\home\presentation\home_screen.dart:10:9 - use_super_parameters
   info - 'withOpacity' is deprecated and shouldn't be used. Use .withValues() to avoid precision loss. Try replacing the use of the deprecated member with the replacement - lib\features\home\presentation\home_screen.dart:72:39 - deprecated_member_use
   info - 'withOpacity' is deprecated and shouldn't be used. Use .withValues() to avoid precision loss. Try replacing the use of the deprecated member with the replacement - lib\features\home\presentation\home_screen.dart:73:41 - deprecated_member_use
   info - 'withOpacity' is deprecated and shouldn't be used. Use .withValues() to avoid precision loss. Try replacing the use of the deprecated member with the replacement - lib\features\home\presentation\home_screen.dart:79:61 - deprecated_member_use
   info - 'onBackground' is deprecated and shouldn't be used. Use onSurface instead. This feature was deprecated after v3.18.0-0.1.pre. Try replacing the use of the deprecated member with the replacement - lib\features\home\presentation\home_screen.dart:88:40 - deprecated_member_use
   info - 'onBackground' is deprecated and shouldn't be used. Use onSurface instead. This feature was deprecated after v3.18.0-0.1.pre. Try replacing the use of the deprecated member with the replacement - lib\features\home\presentation\home_screen.dart:95:40 - deprecated_member_use
   info - 'withOpacity' is deprecated and shouldn't be used. Use .withValues() to avoid precision loss. Try replacing the use of the deprecated member with the replacement - lib\features\home\presentation\home_screen.dart:95:53 - deprecated_member_use
   info - 'withOpacity' is deprecated and shouldn't be used. Use .withValues() to avoid precision loss. Try replacing the use of the deprecated member with the replacement - lib\features\home\presentation\home_screen.dart:238:59 - deprecated_member_use
  error - The getter 'black50' isn't defined for the type 'Colors'. Try importing the library that defines 'black50', correcting the name to the name of an existing getter, or defining a getter or field named 'black50' - lib\features\home\presentation\home_screen.dart:300:45 - undefined_getter
   info - 'withOpacity' is deprecated and shouldn't be used. Use .withValues() to avoid precision loss. Try replacing the use of the deprecated member with the replacement - lib\features\home\presentation\home_screen.dart:368:50 - deprecated_member_use
   info - 'withOpacity' is deprecated and shouldn't be used. Use .withValues() to avoid precision loss. Try replacing the use of the deprecated member with the replacement - lib\features\home\presentation\home_screen.dart:386:65 - deprecated_member_use
warning - The value of the field '_apiService' isn't used. Try removing the field, or using it - lib\features\navigation\data\repositories\navigation_repository_impl.dart:12:20 - unused_field
   info - Parameter 'key' could be a super parameter. Trying converting 'key' to a super parameter - lib\features\navigation\presentation\navigation_screen.dart:13:9 - use_super_parameters
   info - 'withOpacity' is deprecated and shouldn't be used. Use .withValues() to avoid precision loss. Try replacing the use of the deprecated member with the replacement - lib\features\navigation\presentation\navigation_screen.dart:256:35 - deprecated_member_use
   info - 'withOpacity' is deprecated and shouldn't be used. Use .withValues() to avoid precision loss. Try replacing the use of the deprecated member with the replacement - lib\features\navigation\presentation\navigation_screen.dart:310:53 - deprecated_member_use
   info - 'withOpacity' is deprecated and shouldn't be used. Use .withValues() to avoid precision loss. Try replacing the use of the deprecated member with the replacement - lib\features\navigation\presentation\navigation_screen.dart:346:56 - deprecated_member_use
   info - 'withOpacity' is deprecated and shouldn't be used. Use .withValues() to avoid precision loss. Try replacing the use of the deprecated member with the replacement - lib\features\navigation\presentation\navigation_screen.dart:347:57 - deprecated_member_use
   info - Unnecessary use of 'toList' in a spread. Try removing the invocation of 'toList' - lib\features\navigation\presentation\navigation_screen.dart:374:16 - unnecessary_to_list_in_spreads
   info - 'withOpacity' is deprecated and shouldn't be used. Use .withValues() to avoid precision loss. Try replacing the use of the deprecated member with the replacement - lib\features\navigation\presentation\navigation_screen.dart:412:43 - deprecated_member_use
   info - 'withOpacity' is deprecated and shouldn't be used. Use .withValues() to avoid precision loss. Try replacing the use of the deprecated member with the replacement - lib\features\navigation\presentation\navigation_screen.dart:444:45 - deprecated_member_use
   info - 'withOpacity' is deprecated and shouldn't be used. Use .withValues() to avoid precision loss. Try replacing the use of the deprecated member with the replacement - lib\features\navigation\presentation\navigation_screen.dart:483:39 - deprecated_member_use
   info - Parameter 'key' could be a super parameter. Trying converting 'key' to a super parameter - lib\features\settings\presentation\settings_screen.dart:6:9 - use_super_parameters
   info - 'groupValue' is deprecated and shouldn't be used. Use a RadioGroup ancestor to manage group value instead. This feature was deprecated after v3.32.0-0.0.pre. Try replacing the use of the deprecated member with the replacement - lib\features\settings\presentation\settings_screen.dart:29:19 - deprecated_member_use
   info - 'onChanged' is deprecated and shouldn't be used. Use RadioGroup to handle value change instead. This feature was deprecated after v3.32.0-0.0.pre. Try replacing the use of the deprecated member with the replacement - lib\features\settings\presentation\settings_screen.dart:30:19 - deprecated_member_use
   info - 'groupValue' is deprecated and shouldn't be used. Use a RadioGroup ancestor to manage group value instead. This feature was deprecated after v3.32.0-0.0.pre. Try replacing the use of the deprecated member with the replacement - lib\features\settings\presentation\settings_screen.dart:38:19 - deprecated_member_use
   info - 'onChanged' is deprecated and shouldn't be used. Use RadioGroup to handle value change instead. This feature was deprecated after v3.32.0-0.0.pre. Try replacing the use of the deprecated member with the replacement - lib\features\settings\presentation\settings_screen.dart:39:19 - deprecated_member_use
   info - 'groupValue' is deprecated and shouldn't be used. Use a RadioGroup ancestor to manage group value instead. This feature was deprecated after v3.32.0-0.0.pre. Try replacing the use of the deprecated member with the replacement - lib\features\settings\presentation\settings_screen.dart:47:19 - deprecated_member_use
   info - 'onChanged' is deprecated and shouldn't be used. Use RadioGroup to handle value change instead. This feature was deprecated after v3.32.0-0.0.pre. Try replacing the use of the deprecated member with the replacement - lib\features\settings\presentation\settings_screen.dart:48:19 - deprecated_member_use
   info - Parameter 'key' could be a super parameter. Trying converting 'key' to a super parameter - lib\features\splash\presentation\splash_screen.dart:6:9 - use_super_parameters
   info - 'withOpacity' is deprecated and shouldn't be used. Use .withValues() to avoid precision loss. Try replacing the use of the deprecated member with the replacement - lib\features\splash\presentation\splash_screen.dart:58:41 - deprecated_member_use
   info - 'background' is deprecated and shouldn't be used. Use surface instead. This feature was deprecated after v3.18.0-0.1.pre. Try replacing the use of the deprecated member with the replacement - lib\features\splash\presentation\splash_screen.dart:59:33 - deprecated_member_use
   info - 'withOpacity' is deprecated and shouldn't be used. Use .withValues() to avoid precision loss. Try replacing the use of the deprecated member with the replacement - lib\features\splash\presentation\splash_screen.dart:76:58 - deprecated_member_use
   info - 'onBackground' is deprecated and shouldn't be used. Use onSurface instead. This feature was deprecated after v3.18.0-0.1.pre. Try replacing the use of the deprecated member with the replacement - lib\features\splash\presentation\splash_screen.dart:100:46 - deprecated_member_use
   info - 'withOpacity' is deprecated and shouldn't be used. Use .withValues() to avoid precision loss. Try replacing the use of the deprecated member with the replacement - lib\features\splash\presentation\splash_screen.dart:100:59 - deprecated_member_use
   info - Parameter 'key' could be a super parameter. Trying converting 'key' to a super parameter - lib\main.dart:18:9 - use_super_parameters
   info - Parameter 'key' could be a super parameter. Trying converting 'key' to a super parameter - lib\widgets\custom_button.dart:11:9 - use_super_parameters
   info - 'withOpacity' is deprecated and shouldn't be used. Use .withValues() to avoid precision loss. Try replacing the use of the deprecated member with the replacement - lib\widgets\custom_button.dart:34:46 - deprecated_member_use
   info - Parameter 'key' could be a super parameter. Trying converting 'key' to a super parameter - lib\widgets\loading_indicator.dart:6:9 - use_super_parameters
   info - 'onBackground' is deprecated and shouldn't be used. Use onSurface instead. This feature was deprecated after v3.18.0-0.1.pre. Try replacing the use of the deprecated member with the replacement - lib\widgets\loading_indicator.dart:24:42 - deprecated_member_use
   info - 'withOpacity' is deprecated and shouldn't be used. Use .withValues() to avoid precision loss. Try replacing the use of the deprecated member with the replacement - lib\widgets\loading_indicator.dart:24:55 - deprecated_member_use
   info - Parameter 'key' could be a super parameter. Trying converting 'key' to a super parameter - lib\widgets\movable_camera_preview.dart:12:9 - use_super_parameters
warning - The value of the local variable 'frameTime' isn't used. Try removing the variable or using it - lib\widgets\movable_camera_preview.dart:151:21 - unused_local_variable
warning - The member 'state' can only be used within 'package:state_notifier/state_notifier.dart' or a test - lib\widgets\movable_camera_preview.dart:158:57 - invalid_use_of_visible_for_testing_member
warning - The member 'state' can only be used within instance members of subclasses of 'StateNotifier' - lib\widgets\movable_camera_preview.dart:158:57 - invalid_use_of_protected_member
   info - 'withOpacity' is deprecated and shouldn't be used. Use .withValues() to avoid precision loss. Try replacing the use of the deprecated member with the replacement - lib\widgets\movable_camera_preview.dart:251:37 - deprecated_member_use
   info - Unnecessary use of 'toList' in a spread. Try removing the invocation of 'toList' - lib\widgets\movable_camera_preview.dart:273:92 - unnecessary_to_list_in_spreads
   info - 'withOpacity' is deprecated and shouldn't be used. Use .withValues() to avoid precision loss. Try replacing the use of the deprecated member with the replacement - lib\widgets\movable_camera_preview.dart:284:47 - deprecated_member_use
   info - 'withOpacity' is deprecated and shouldn't be used. Use .withValues() to avoid precision loss. Try replacing the use of the deprecated member with the replacement - lib\widgets\movable_camera_preview.dart:355:57 - deprecated_member_use
  error - The name 'MyApp' isn't a class. Try correcting the name to match an existing class - test\widget_test.dart:16:35 - creation_with_non_type

